Archive member included because of file (symbol)

c:\Keil\ARM\INC\ADI\\libaduc7024.a(irq.o)
                              ../outfile/startup.o (ADI_FIQ_Interrupt_Setup)

Allocating common symbols
Common symbol       size              file

gaucRootTaskStack   0x258             ../outfile/mds_userboot.o
gpstrRootTaskTcb    0x4               ../outfile/mds_core_c.o
gaucTask1Stack      0x258             ../outfile/test.o
gpstrMsgBufPt       0x4               ../outfile/device.o
gaucTask2Stack      0x258             ../outfile/test.o
gpstrNextTaskSpAddr
                    0x4               ../outfile/mds_core_c.o
gvfTaskDeleteHook   0x4               ../outfile/mds_task.o
guiIntLockCounter   0x4               ../outfile/mds_core_c.o
gstrBufPool         0x4b8             ../outfile/device.o
gstrPrtMsgQue       0x8               ../outfile/test.o
gpstrCurTaskSpAddr  0x4               ../outfile/mds_core_c.o
gvfTaskSwitchHook   0x4               ../outfile/mds_task.o
gstrSemCnt          0x4c              ../outfile/test.o
gpstrIdleTaskTcb    0x4               ../outfile/mds_core_c.o
guiTick             0x4               ../outfile/mds_core_c.o
gstrReadyTab        0x44              ../outfile/mds_core_c.o
gstrDelayTab        0x8               ../outfile/mds_core_c.o
gaucTask3Stack      0x258             ../outfile/test.o
gaucIdleTaskStack   0x258             ../outfile/mds_userboot.o
gpstrCurTcb         0x4               ../outfile/mds_core_c.o
gvfTaskCreateHook   0x4               ../outfile/mds_task.o

Memory Configuration

Name             Origin             Length             Attributes
IntFLASH         0x00080000         0x0000f800         xr
IntRAM           0x00010000         0x000017f8         rw
*default*        0x00000000         0xffffffff

Linker script and memory map

LOAD ../outfile/mds_core_a.o
LOAD ../outfile/mds_core_c.o
LOAD ../outfile/mds_chip.o
LOAD ../outfile/mds_task.o
LOAD ../outfile/mds_sem.o
LOAD ../outfile/mds_queue.o
LOAD ../outfile/mds_userboot.o
LOAD ../outfile/device.o
LOAD ../outfile/test.o
LOAD ../outfile/unoptimize.o
LOAD ../outfile/interrupt.o
LOAD ../outfile/startup.o
LOAD c:/program files/codesourcery/sourcery g++ lite/bin/../arm-none-linux-gnueabi/libc/armv4t/usr/lib/libm.so
LOAD c:/program files/codesourcery/sourcery g++ lite/bin/../lib/gcc/arm-none-linux-gnueabi/4.5.2/armv4t\libgcc.a
LOAD c:/program files/codesourcery/sourcery g++ lite/bin/../arm-none-linux-gnueabi/libc/armv4t/lib/libgcc_s.so
START GROUP
LOAD c:/program files/codesourcery/sourcery g++ lite/bin/../arm-none-linux-gnueabi/libc/armv4t/lib\libgcc_s.so.1
LOAD c:/program files/codesourcery/sourcery g++ lite/bin/../lib/gcc/arm-none-linux-gnueabi/4.5.2/armv4t\libgcc.a
END GROUP
LOAD c:/program files/codesourcery/sourcery g++ lite/bin/../arm-none-linux-gnueabi/libc/armv4t/usr/lib/libc.so
START GROUP
LOAD c:\program files\codesourcery\sourcery g++ lite\bin\../arm-none-linux-gnueabi/libc/armv4t/lib/libc.so.6
LOAD c:\program files\codesourcery\sourcery g++ lite\bin\../arm-none-linux-gnueabi/libc/armv4t/usr/lib/libc_nonshared.a
LOAD c:\program files\codesourcery\sourcery g++ lite\bin\../arm-none-linux-gnueabi/libc/armv4t/lib/ld-linux.so.3
END GROUP
LOAD c:/program files/codesourcery/sourcery g++ lite/bin/../lib/gcc/arm-none-linux-gnueabi/4.5.2/armv4t\libgcc.a
LOAD c:/program files/codesourcery/sourcery g++ lite/bin/../arm-none-linux-gnueabi/libc/armv4t/lib/libgcc_s.so
START GROUP
LOAD c:/program files/codesourcery/sourcery g++ lite/bin/../arm-none-linux-gnueabi/libc/armv4t/lib\libgcc_s.so.1
LOAD c:/program files/codesourcery/sourcery g++ lite/bin/../lib/gcc/arm-none-linux-gnueabi/4.5.2/armv4t\libgcc.a
END GROUP
LOAD c:\Keil\ARM\INC\ADI\\libaduc7024.a

.text           0x00080000     0x2860
 *startup.o(.text)
 .text          0x00080000      0x108 ../outfile/startup.o
                0x00080000                _startup
 *(.text)
 .text          0x00080108      0x118 ../outfile/mds_core_a.o
                0x00080108                MDS_TickContextSwitch
                0x00080160                MDS_SwiContextSwitch
                0x000801c0                MDS_SwitchToTask
                0x000801d4                MDS_GetChipMode
                0x000801e0                MDS_TaskOccurSwi
                0x000801e8                MDS_IntEnable
                0x000801fc                MDS_IntDisable
 .text          0x00080220      0xa84 ../outfile/mds_core_c.o
                0x00080220                MDS_TickTimerInit
                0x00080250                MDS_SystemVarInit
                0x00080308                MDS_TaskSwitch
                0x00080334                MDS_TaskStart
                0x00080368                main
                0x00080404                MDS_TaskSchedTabInit
                0x00080450                MDS_TaskAddToSchedTab
                0x00080494                MDS_TaskAddToDelayTab
                0x00080578                MDS_TaskDelFromSchedTab
                0x000805d8                MDS_TaskAddToSemTab
                0x00080674                MDS_TaskDelFromSemTab
                0x00080724                MDS_SemGetActiveTask
                0x00080758                MDS_TaskReadySched
                0x000807f4                MDS_TaskReadyTabSched
                0x0008081c                MDS_TaskPrioFlagSet
                0x00080830                MDS_TaskPrioFlagClr
                0x00080844                MDS_TaskHighestPrioGet
                0x00080858                MDS_SystemTickGet
                0x00080868                MDS_CurrentTcbGet
                0x00080878                MDS_IntLock
                0x000808f8                MDS_IntUnlock
                0x00080974                MDS_ChainInit
                0x00080984                MDS_ChainNodeAdd
                0x000809b8                MDS_ChainNodeDelete
                0x000809f0                MDS_ChainCurNodeInsert
                0x00080a44                MDS_ChainCurNodeDelete
                0x00080ab8                MDS_TaskDelayTabSched
                0x00080bd0                MDS_TaskSched
                0x00080c70                MDS_TaskTick
                0x00080c88                MDS_ChainEmpInq
                0x00080c90                MDS_ChainNextNodeEmpInq
 .text          0x00080ca4      0x18c ../outfile/mds_chip.o
                0x00080ca4                MDS_TaskStackInit
                0x00080d08                MDS_TickIsr
                0x00080d64                MDS_SwiIsr
                0x00080ddc                MDS_RunInInt
                0x00080e04                MDS_TaskSwiSched
 .text          0x00080e30      0x5f8 ../outfile/mds_task.o
                0x00080e30                MDS_TaskDelete
                0x00080f24                MDS_TaskSelfDelete
                0x00080f34                MDS_TaskTcbInit
                0x00081018                MDS_TaskCreate
                0x00081134                MDS_TaskDelay
                0x0008120c                MDS_TaskWake
                0x000812c4                MDS_TaskPend
                0x00081390                MDS_TaskHookInit
                0x000813bc                MDS_TaskCreateHookAdd
                0x000813cc                MDS_TaskCreateHookDel
                0x000813e0                MDS_TaskSwitchHookAdd
                0x000813f0                MDS_TaskSwitchHookDel
                0x00081404                MDS_TaskDeleteHookAdd
                0x00081414                MDS_TaskDeleteHookDel
 .text          0x00081428      0x3a0 ../outfile/mds_sem.o
                0x00081428                MDS_SemCreate
                0x000814b0                MDS_SemTake
                0x000815bc                MDS_SemGive
                0x000816d0                MDS_SemFlushValue
                0x0008178c                MDS_SemFlush
                0x00081794                MDS_SemDelete
 .text          0x000817c8       0xdc ../outfile/mds_queue.o
                0x000817c8                MDS_QueCreate
                0x000817f4                MDS_QuePut
                0x00081844                MDS_QueGet
 .text          0x000818a4       0xc4 ../outfile/mds_userboot.o
                0x000818a4                MDS_RootTask
                0x00081950                MDS_IdleTask
 .text          0x00081968      0xb14 ../outfile/device.o
                0x00081968                DEV_TimerInit
                0x00081984                DEV_HardwareInit
                0x00081a04                DEV_IsrInit
                0x00081a30                DEV_UartInit
                0x00081a60                DEV_PutChar
                0x00081a7c                DEV_SetGpioMode
                0x00081a8c                DEV_PrintMsg
                0x00081afc                DEV_Num2Asc
                0x00081b14                DEV_Asc2Num
                0x00081b2c                DEV_BufferInit
                0x00081b88                DEV_SoftwareInit
                0x00081c00                DEV_BufferAlloc
                0x00081c34                DEV_PutStrToMem
                0x00082448                DEV_BufferFree
 .text          0x0008247c      0x194 ../outfile/test.o
                0x0008247c                TEST_TestTask1
                0x000824d4                TEST_TestTask2
                0x00082510                TEST_TestTask3
                0x0008254c                TEST_TaskCreatePrint
                0x000825a0                TEST_TaskSwitchPrint
                0x000825dc                TEST_TaskDeletePrint
 .text          0x00082610       0x70 ../outfile/unoptimize.o
                0x00082610                DEV_DelayMs
 .text          0x00082680       0x90 ../outfile/interrupt.o
                0x00082680                INT_UartPrint
                0x000826fc                INT_FiqFunc
 .text          0x00082710      0x150 c:\Keil\ARM\INC\ADI\\libaduc7024.a(irq.o)
                0x00082710                ADI_IRQ_Interrupt_Setup
                0x00082748                ADI_FIQ_Interrupt_Setup
                0x00082780                ADI_SWI_Interrupt_Setup
                0x000827b8                ADI_UNDEF_Interrupt_Setup
                0x000827f0                ADI_PABORT_Interrupt_Setup
                0x00082828                ADI_DABORT_Interrupt_Setup
 *(.glue_7t)
 .glue_7t       0x00000000        0x0 linker stubs
 *(.glue_7)
 .glue_7        0x00000000        0x0 linker stubs

.vfp11_veneer   0x00082860        0x0
 .vfp11_veneer  0x00000000        0x0 linker stubs

.v4_bx          0x00082860        0x0
 .v4_bx         0x00000000        0x0 linker stubs

.plt            0x00082860        0x0
 .plt           0x00000000        0x0 c:/program files/codesourcery/sourcery g++ lite/bin/../arm-none-linux-gnueabi/libc/armv4t/usr/lib/libm.so
                0x00082860                . = ALIGN (0x4)

.rodata         0x00082860      0x100
 *(.rodata)
 .rodata        0x00082860      0x100 ../outfile/mds_core_c.o
                0x00082860                caucTaskPrioUnmapTab

.ARM.extab      0x00082960      0x214
 .ARM.extab     0x00082960       0x6c ../outfile/mds_core_c.o
 .ARM.extab     0x000829cc       0x30 ../outfile/mds_chip.o
 .ARM.extab     0x000829fc       0x48 ../outfile/mds_task.o
 .ARM.extab     0x00082a44       0x3c ../outfile/mds_sem.o
 .ARM.extab     0x00082a80       0x24 ../outfile/mds_queue.o
 .ARM.extab     0x00082aa4       0x18 ../outfile/mds_userboot.o
 .ARM.extab     0x00082abc       0x58 ../outfile/device.o
 .ARM.extab     0x00082b14       0x48 ../outfile/test.o
 .ARM.extab     0x00082b5c        0xc ../outfile/unoptimize.o
 .ARM.extab     0x00082b68        0xc ../outfile/interrupt.o

.ARM.exidx      0x00082b74      0x1d8
 .ARM.exidx     0x00082b74       0x80 ../outfile/mds_core_c.o
                                 0xf8 (size before relaxing)
 .ARM.exidx     0x00082bf4       0x20 ../outfile/mds_chip.o
                                 0x28 (size before relaxing)
 .ARM.exidx     0x00082c14       0x40 ../outfile/mds_task.o
                                 0x70 (size before relaxing)
 .ARM.exidx     0x00082c54       0x30 ../outfile/mds_sem.o
 .ARM.exidx     0x00082c84       0x18 ../outfile/mds_queue.o
 .ARM.exidx     0x00082c9c       0x10 ../outfile/mds_userboot.o
 .ARM.exidx     0x00082cac       0x50 ../outfile/device.o
                                 0x70 (size before relaxing)
 .ARM.exidx     0x00082cfc       0x30 ../outfile/test.o
 .ARM.exidx     0x00082d2c        0x8 ../outfile/unoptimize.o
 .ARM.exidx     0x00082d34       0x18 ../outfile/interrupt.o
                                 0x10 (size before relaxing)

.rodata.str1.4  0x00082d4c      0x118
 .rodata.str1.4
                0x00082d4c        0xd ../outfile/mds_core_c.o
                                 0x10 (size before relaxing)
 *fill*         0x00082d59        0x3 00
 .rodata.str1.4
                0x00082d5c       0x16 ../outfile/mds_userboot.o
                                 0x18 (size before relaxing)
 *fill*         0x00082d72        0x2 00
 .rodata.str1.4
                0x00082d74       0xf0 ../outfile/test.o

.interp         0x00082e64       0x13
 .interp        0x00082e64       0x13 c:/program files/codesourcery/sourcery g++ lite/bin/../arm-none-linux-gnueabi/libc/armv4t/usr/lib/libm.so

.gnu.version_d  0x00082e78        0x0 load address 0x00082e77
 .gnu.version_d
                0x00000000        0x0 c:/program files/codesourcery/sourcery g++ lite/bin/../arm-none-linux-gnueabi/libc/armv4t/usr/lib/libm.so

.gnu.version    0x00082e78        0x6
 .gnu.version   0x00082e78        0x6 c:/program files/codesourcery/sourcery g++ lite/bin/../arm-none-linux-gnueabi/libc/armv4t/usr/lib/libm.so

.gnu.version_r  0x00082e80       0x20
 .gnu.version_r
                0x00082e80       0x20 c:/program files/codesourcery/sourcery g++ lite/bin/../arm-none-linux-gnueabi/libc/armv4t/usr/lib/libm.so

.dynsym         0x00082ea0       0x30
 .dynsym        0x00082ea0       0x30 c:/program files/codesourcery/sourcery g++ lite/bin/../arm-none-linux-gnueabi/libc/armv4t/usr/lib/libm.so

.dynstr         0x00082ed0       0x59
 .dynstr        0x00082ed0       0x59 c:/program files/codesourcery/sourcery g++ lite/bin/../arm-none-linux-gnueabi/libc/armv4t/usr/lib/libm.so

.hash           0x00082f2c       0x18
 .hash          0x00082f2c       0x18 c:/program files/codesourcery/sourcery g++ lite/bin/../arm-none-linux-gnueabi/libc/armv4t/usr/lib/libm.so

.rel.dyn        0x00082f44        0x0
 .rel.got       0x00000000        0x0 c:/program files/codesourcery/sourcery g++ lite/bin/../arm-none-linux-gnueabi/libc/armv4t/usr/lib/libm.so
 .rel.plt       0x00000000        0x0 c:/program files/codesourcery/sourcery g++ lite/bin/../arm-none-linux-gnueabi/libc/armv4t/usr/lib/libm.so
 .rel.bss       0x00000000        0x0 c:/program files/codesourcery/sourcery g++ lite/bin/../arm-none-linux-gnueabi/libc/armv4t/usr/lib/libm.so
                0x00082f44                . = ALIGN (0x4)
                0x00082f44                _etext = .
                0x00082f44                PROVIDE (etext, .)

.data           0x00010000        0x0 load address 0x00082f44
                0x00010000                _data = .
 *(.data)
 .data          0x00010000        0x0 ../outfile/mds_core_a.o
 .data          0x00010000        0x0 ../outfile/mds_core_c.o
 .data          0x00010000        0x0 ../outfile/mds_chip.o
 .data          0x00010000        0x0 ../outfile/mds_task.o
 .data          0x00010000        0x0 ../outfile/mds_sem.o
 .data          0x00010000        0x0 ../outfile/mds_queue.o
 .data          0x00010000        0x0 ../outfile/mds_userboot.o
 .data          0x00010000        0x0 ../outfile/device.o
 .data          0x00010000        0x0 ../outfile/test.o
 .data          0x00010000        0x0 ../outfile/unoptimize.o
 .data          0x00010000        0x0 ../outfile/interrupt.o
 .data          0x00010000        0x0 ../outfile/startup.o
 .data          0x00010000        0x0 c:\Keil\ARM\INC\ADI\\libaduc7024.a(irq.o)

.dynamic        0x00010000       0x90 load address 0x00082f44
 .dynamic       0x00010000       0x90 c:/program files/codesourcery/sourcery g++ lite/bin/../arm-none-linux-gnueabi/libc/armv4t/usr/lib/libm.so
                0x00010000                _DYNAMIC

.got            0x00010090        0x0 load address 0x00082fd4
 .got           0x00000000        0x0 c:/program files/codesourcery/sourcery g++ lite/bin/../arm-none-linux-gnueabi/libc/armv4t/usr/lib/libm.so

.got.plt        0x00010090        0xc load address 0x00082fd4
 .got.plt       0x00010090        0xc c:/program files/codesourcery/sourcery g++ lite/bin/../arm-none-linux-gnueabi/libc/armv4t/usr/lib/libm.so
                0x00010090                _GLOBAL_OFFSET_TABLE_
                0x0001009c                . = ALIGN (0x4)
                0x0001009c                _edata = .
                0x0001009c                PROVIDE (edata, .)

.bss            0x0001009c     0x1154 load address 0x00082fe0
                0x0001009c                __bss_start = .
                0x0001009c                __bss_start__ = .
 *(.bss)
 .bss           0x0001009c        0x0 ../outfile/mds_core_a.o
 .bss           0x0001009c        0x0 ../outfile/mds_core_c.o
 .bss           0x0001009c        0x0 ../outfile/mds_chip.o
 .bss           0x0001009c        0x0 ../outfile/mds_task.o
 .bss           0x0001009c        0x0 ../outfile/mds_sem.o
 .bss           0x0001009c        0x0 ../outfile/mds_queue.o
 .bss           0x0001009c        0x0 ../outfile/mds_userboot.o
 .bss           0x0001009c        0x0 ../outfile/device.o
 .bss           0x0001009c        0x0 ../outfile/test.o
 .bss           0x0001009c        0x0 ../outfile/unoptimize.o
 .bss           0x0001009c        0x0 ../outfile/interrupt.o
 .bss           0x0001009c        0x0 ../outfile/startup.o
 .bss           0x0001009c       0x18 c:\Keil\ARM\INC\ADI\\libaduc7024.a(irq.o)
                0x0001009c                IRQ
                0x000100a0                FIQ
                0x000100a4                SWI
                0x000100a8                UNDEF
                0x000100ac                PABORT
                0x000100b0                DABORT
 *(COMMON)
 COMMON         0x000100b4       0x68 ../outfile/mds_core_c.o
                0x000100b4                gpstrRootTaskTcb
                0x000100b8                gpstrNextTaskSpAddr
                0x000100bc                guiIntLockCounter
                0x000100c0                gpstrCurTaskSpAddr
                0x000100c4                gpstrIdleTaskTcb
                0x000100c8                guiTick
                0x000100cc                gstrReadyTab
                0x00010110                gstrDelayTab
                0x00010118                gpstrCurTcb
 COMMON         0x0001011c        0xc ../outfile/mds_task.o
                0x0001011c                gvfTaskDeleteHook
                0x00010120                gvfTaskSwitchHook
                0x00010124                gvfTaskCreateHook
 COMMON         0x00010128      0x4b0 ../outfile/mds_userboot.o
                0x00010128                gaucRootTaskStack
                0x00010380                gaucIdleTaskStack
 COMMON         0x000105d8      0x4bc ../outfile/device.o
                0x000105d8                gpstrMsgBufPt
                0x000105dc                gstrBufPool
 COMMON         0x00010a94      0x75c ../outfile/test.o
                0x00010a94                gaucTask1Stack
                0x00010cec                gaucTask2Stack
                0x00010f44                gstrPrtMsgQue
                0x00010f4c                gstrSemCnt
                0x00010f98                gaucTask3Stack

.dynbss         0x000111f0        0x0 load address 0x00084134
 .dynbss        0x00000000        0x0 c:/program files/codesourcery/sourcery g++ lite/bin/../arm-none-linux-gnueabi/libc/armv4t/usr/lib/libm.so
                0x000111f0                . = ALIGN (0x4)
                0x000111f0                __bss_end__ = .
                0x000111f0                __bss_end__ = .
                0x000111f0                _end = .
                0x000111f0                PROVIDE (end, .)

.stab
 *(.stab)

.stabstr
 *(.stabstr)

.stab.excl
 *(.stab.excl)

.stab.exclstr
 *(.stab.exclstr)

.stab.index
 *(.stab.index)

.stab.indexstr
 *(.stab.indexstr)

.ARM.attributes
                0x00000000       0x2c
 .ARM.attributes
                0x00000000       0x22 ../outfile/mds_core_a.o
 .ARM.attributes
                0x00000022       0x32 ../outfile/mds_core_c.o
 .ARM.attributes
                0x00000054       0x32 ../outfile/mds_chip.o
 .ARM.attributes
                0x00000086       0x32 ../outfile/mds_task.o
 .ARM.attributes
                0x000000b8       0x32 ../outfile/mds_sem.o
 .ARM.attributes
                0x000000ea       0x32 ../outfile/mds_queue.o
 .ARM.attributes
                0x0000011c       0x32 ../outfile/mds_userboot.o
 .ARM.attributes
                0x0000014e       0x32 ../outfile/device.o
 .ARM.attributes
                0x00000180       0x32 ../outfile/test.o
 .ARM.attributes
                0x000001b2       0x32 ../outfile/unoptimize.o
 .ARM.attributes
                0x000001e4       0x32 ../outfile/interrupt.o
 .ARM.attributes
                0x00000216       0x22 ../outfile/startup.o
 .ARM.attributes
                0x00000238       0x2e c:\Keil\ARM\INC\ADI\\libaduc7024.a(irq.o)

.note.GNU-stack
                0x00000000        0x0
 .note.GNU-stack
                0x00000000        0x0 ../outfile/mds_core_c.o
 .note.GNU-stack
                0x00000000        0x0 ../outfile/mds_chip.o
 .note.GNU-stack
                0x00000000        0x0 ../outfile/mds_task.o
 .note.GNU-stack
                0x00000000        0x0 ../outfile/mds_sem.o
 .note.GNU-stack
                0x00000000        0x0 ../outfile/mds_queue.o
 .note.GNU-stack
                0x00000000        0x0 ../outfile/mds_userboot.o
 .note.GNU-stack
                0x00000000        0x0 ../outfile/device.o
 .note.GNU-stack
                0x00000000        0x0 ../outfile/test.o
 .note.GNU-stack
                0x00000000        0x0 ../outfile/unoptimize.o
 .note.GNU-stack
                0x00000000        0x0 ../outfile/interrupt.o

.comment        0x00000000       0x55
 *(.comment)
 .comment       0x00000000       0x2a ../outfile/mds_core_c.o
                                 0x2b (size before relaxing)
 .comment       0x00000000       0x2b ../outfile/mds_chip.o
 .comment       0x00000000       0x2b ../outfile/mds_task.o
 .comment       0x00000000       0x2b ../outfile/mds_sem.o
 .comment       0x00000000       0x2b ../outfile/mds_queue.o
 .comment       0x00000000       0x2b ../outfile/mds_userboot.o
 .comment       0x00000000       0x2b ../outfile/device.o
 .comment       0x00000000       0x2b ../outfile/test.o
 .comment       0x00000000       0x2b ../outfile/unoptimize.o
 .comment       0x00000000       0x2b ../outfile/interrupt.o
 .comment       0x0000002a       0x2b c:\Keil\ARM\INC\ADI\\libaduc7024.a(irq.o)

.debug
 *(.debug)

.line
 *(.line)

.debug_srcinfo
 *(.debug_srcinfo)

.debug_sfnames
 *(.debug_sfnames)

.debug_aranges  0x00000000      0x1a0
 *(.debug_aranges)
 .debug_aranges
                0x00000000       0x20 ../outfile/mds_core_a.o
 .debug_aranges
                0x00000020       0x20 ../outfile/mds_core_c.o
 .debug_aranges
                0x00000040       0x20 ../outfile/mds_chip.o
 .debug_aranges
                0x00000060       0x20 ../outfile/mds_task.o
 .debug_aranges
                0x00000080       0x20 ../outfile/mds_sem.o
 .debug_aranges
                0x000000a0       0x20 ../outfile/mds_queue.o
 .debug_aranges
                0x000000c0       0x20 ../outfile/mds_userboot.o
 .debug_aranges
                0x000000e0       0x20 ../outfile/device.o
 .debug_aranges
                0x00000100       0x20 ../outfile/test.o
 .debug_aranges
                0x00000120       0x20 ../outfile/unoptimize.o
 .debug_aranges
                0x00000140       0x20 ../outfile/interrupt.o
 .debug_aranges
                0x00000160       0x20 ../outfile/startup.o
 .debug_aranges
                0x00000180       0x20 c:\Keil\ARM\INC\ADI\\libaduc7024.a(irq.o)

.debug_pubnames
                0x00000000      0xa1c
 *(.debug_pubnames)
 .debug_pubnames
                0x00000000      0x392 ../outfile/mds_core_c.o
 .debug_pubnames
                0x00000392       0x6d ../outfile/mds_chip.o
 .debug_pubnames
                0x000003ff      0x18a ../outfile/mds_task.o
 .debug_pubnames
                0x00000589       0x7d ../outfile/mds_sem.o
 .debug_pubnames
                0x00000606       0x42 ../outfile/mds_queue.o
 .debug_pubnames
                0x00000648       0x60 ../outfile/mds_userboot.o
 .debug_pubnames
                0x000006a8      0x134 ../outfile/device.o
 .debug_pubnames
                0x000007dc       0xf0 ../outfile/test.o
 .debug_pubnames
                0x000008cc       0x22 ../outfile/unoptimize.o
 .debug_pubnames
                0x000008ee       0x34 ../outfile/interrupt.o
 .debug_pubnames
                0x00000922       0xfa c:\Keil\ARM\INC\ADI\\libaduc7024.a(irq.o)

.debug_info     0x00000000     0x38f6
 *(.debug_info .gnu.linkonce.wi.*)
 .debug_info    0x00000000       0x63 ../outfile/mds_core_a.o
 .debug_info    0x00000063     0x137c ../outfile/mds_core_c.o
 .debug_info    0x000013df      0x461 ../outfile/mds_chip.o
 .debug_info    0x00001840      0x8fb ../outfile/mds_task.o
 .debug_info    0x0000213b      0x5b6 ../outfile/mds_sem.o
 .debug_info    0x000026f1      0x188 ../outfile/mds_queue.o
 .debug_info    0x00002879      0x160 ../outfile/mds_userboot.o
 .debug_info    0x000029d9      0x632 ../outfile/device.o
 .debug_info    0x0000300b      0x4d5 ../outfile/test.o
 .debug_info    0x000034e0       0x9e ../outfile/unoptimize.o
 .debug_info    0x0000357e      0x1f8 ../outfile/interrupt.o
 .debug_info    0x00003776       0x5d ../outfile/startup.o
 .debug_info    0x000037d3      0x123 c:\Keil\ARM\INC\ADI\\libaduc7024.a(irq.o)

.debug_abbrev   0x00000000      0xe35
 *(.debug_abbrev)
 .debug_abbrev  0x00000000       0x14 ../outfile/mds_core_a.o
 .debug_abbrev  0x00000014      0x360 ../outfile/mds_core_c.o
 .debug_abbrev  0x00000374      0x11c ../outfile/mds_chip.o
 .debug_abbrev  0x00000490      0x1bb ../outfile/mds_task.o
 .debug_abbrev  0x0000064b      0x140 ../outfile/mds_sem.o
 .debug_abbrev  0x0000078b       0xa2 ../outfile/mds_queue.o
 .debug_abbrev  0x0000082d       0xbb ../outfile/mds_userboot.o
 .debug_abbrev  0x000008e8      0x29b ../outfile/device.o
 .debug_abbrev  0x00000b83       0xe3 ../outfile/test.o
 .debug_abbrev  0x00000c66       0x6a ../outfile/unoptimize.o
 .debug_abbrev  0x00000cd0       0xe9 ../outfile/interrupt.o
 .debug_abbrev  0x00000db9       0x14 ../outfile/startup.o
 .debug_abbrev  0x00000dcd       0x68 c:\Keil\ARM\INC\ADI\\libaduc7024.a(irq.o)

.debug_line     0x00000000     0x105d
 *(.debug_line)
 .debug_line    0x00000000       0x96 ../outfile/mds_core_a.o
 .debug_line    0x00000096      0x436 ../outfile/mds_core_c.o
 .debug_line    0x000004cc       0xc6 ../outfile/mds_chip.o
 .debug_line    0x00000592      0x1ce ../outfile/mds_task.o
 .debug_line    0x00000760      0x14f ../outfile/mds_sem.o
 .debug_line    0x000008af       0x8f ../outfile/mds_queue.o
 .debug_line    0x0000093e       0x7e ../outfile/mds_userboot.o
 .debug_line    0x000009bc      0x418 ../outfile/device.o
 .debug_line    0x00000dd4       0xcf ../outfile/test.o
 .debug_line    0x00000ea3       0x69 ../outfile/unoptimize.o
 .debug_line    0x00000f0c       0x89 ../outfile/interrupt.o
 .debug_line    0x00000f95       0x7c ../outfile/startup.o
 .debug_line    0x00001011       0x4c c:\Keil\ARM\INC\ADI\\libaduc7024.a(irq.o)

.debug_frame    0x00000000      0xb00
 *(.debug_frame)
 .debug_frame   0x00000000      0x2f8 ../outfile/mds_core_c.o
 .debug_frame   0x000002f8       0xb4 ../outfile/mds_chip.o
 .debug_frame   0x000003ac      0x190 ../outfile/mds_task.o
 .debug_frame   0x0000053c       0xe4 ../outfile/mds_sem.o
 .debug_frame   0x00000620       0x88 ../outfile/mds_queue.o
 .debug_frame   0x000006a8       0x54 ../outfile/mds_userboot.o
 .debug_frame   0x000006fc      0x1a4 ../outfile/device.o
 .debug_frame   0x000008a0       0xe8 ../outfile/test.o
 .debug_frame   0x00000988       0x30 ../outfile/unoptimize.o
 .debug_frame   0x000009b8       0x48 ../outfile/interrupt.o
 .debug_frame   0x00000a00      0x100 c:\Keil\ARM\INC\ADI\\libaduc7024.a(irq.o)

.debug_str      0x00000000      0xd0a
 *(.debug_str)
 .debug_str     0x00000000      0x5fa ../outfile/mds_core_c.o
                                0x62a (size before relaxing)
 .debug_str     0x000005fa       0x7b ../outfile/mds_chip.o
                                0x2e3 (size before relaxing)
 .debug_str     0x00000675      0x177 ../outfile/mds_task.o
                                0x476 (size before relaxing)
 .debug_str     0x000007ec       0x83 ../outfile/mds_sem.o
                                0x311 (size before relaxing)
 .debug_str     0x0000086f       0x5c ../outfile/mds_queue.o
                                0x10e (size before relaxing)
 .debug_str     0x000008cb       0x61 ../outfile/mds_userboot.o
                                0x130 (size before relaxing)
 .debug_str     0x0000092c      0x1fb ../outfile/device.o
                                0x337 (size before relaxing)
 .debug_str     0x00000b27       0x94 ../outfile/test.o
                                0x337 (size before relaxing)
 .debug_str     0x00000bbb       0x29 ../outfile/unoptimize.o
                                 0xa4 (size before relaxing)
 .debug_str     0x00000be4       0x47 ../outfile/interrupt.o
                                0x169 (size before relaxing)
 .debug_str     0x00000c2b       0xdf c:\Keil\ARM\INC\ADI\\libaduc7024.a(irq.o)
                                 0xea (size before relaxing)

.debug_loc      0x00000000     0x25a8
 *(.debug_loc)
 .debug_loc     0x00000000      0xba1 ../outfile/mds_core_c.o
 .debug_loc     0x00000ba1       0xe1 ../outfile/mds_chip.o
 .debug_loc     0x00000c82      0x452 ../outfile/mds_task.o
 .debug_loc     0x000010d4      0x30e ../outfile/mds_sem.o
 .debug_loc     0x000013e2      0x138 ../outfile/mds_queue.o
 .debug_loc     0x0000151a       0x58 ../outfile/mds_userboot.o
 .debug_loc     0x00001572      0xd33 ../outfile/device.o
 .debug_loc     0x000022a5      0x15f ../outfile/test.o
 .debug_loc     0x00002404       0x2c ../outfile/unoptimize.o
 .debug_loc     0x00002430       0x7c ../outfile/interrupt.o
 .debug_loc     0x000024ac       0xfc c:\Keil\ARM\INC\ADI\\libaduc7024.a(irq.o)

.debug_macinfo
 *(.debug_macinfo)

.debug_weaknames
 *(.debug_weaknames)

.debug_funcnames
 *(.debug_funcnames)

.debug_typenames
 *(.debug_typenames)

.debug_varnames
 *(.debug_varnames)
OUTPUT(../outfile/mindows.elf elf32-littlearm)

.debug_pubtypes
                0x00000000      0x71f
 .debug_pubtypes
                0x00000000      0x112 ../outfile/mds_core_c.o
 .debug_pubtypes
                0x00000112       0xff ../outfile/mds_chip.o
 .debug_pubtypes
                0x00000211      0x120 ../outfile/mds_task.o
 .debug_pubtypes
                0x00000331       0xf5 ../outfile/mds_sem.o
 .debug_pubtypes
                0x00000426       0x46 ../outfile/mds_queue.o
 .debug_pubtypes
                0x0000046c       0x47 ../outfile/mds_userboot.o
 .debug_pubtypes
                0x000004b3       0xe2 ../outfile/device.o
 .debug_pubtypes
                0x00000595      0x109 ../outfile/test.o
 .debug_pubtypes
                0x0000069e       0x1a ../outfile/unoptimize.o
 .debug_pubtypes
                0x000006b8       0x67 ../outfile/interrupt.o

.debug_ranges   0x00000000      0x460
 .debug_ranges  0x00000000      0x340 ../outfile/mds_core_c.o
 .debug_ranges  0x00000340      0x120 ../outfile/device.o
